src/features/diagnosis/AnalysisTimeline.tsx(2,40): error TS6133: 'AlertCircle' is declared but its value is never read.
